0,0,COM3D2x64_Data\Managed\Assembly-CSharp.dll,5735424,51023EC5,23001
0,0,COM3D2x64.exe,22841856,A9562BF9,23001
share,../com3d2data\GameData\ja\motion2.arc,GameData\motion2.arc,287806572,197C59D8,23001
share,../com3d2data\GameData\ja\voice2.arc,GameData\voice2.arc,870943661,8CEB7669,23001
share,../com3d2data\GameData\ja_script\script.arc,GameData\script.arc,15709193,59F62C04,23001
share,../com3d2data\GameData\ja_script\script_gp001_2.arc,GameData\script_gp001_2.arc,2588985,BAD2C91F,23001
share,../com3d2data\GameData\ja_script\script_oldplus002_2.arc,GameData\script_oldplus002_2.arc,67206,F1EB5805,23001
share,../com3d2data\GameData\ja_script\script_omytgc014_2.arc,GameData\script_omytgc014_2.arc,27074,66664785,23001
share,../com3d2data\GameData\ja_script\script_omytgc023_2.arc,GameData\script_omytgc023_2.arc,7730,985663AE,23001
share,../com3d2data\GameData\ja_script\script_personal_om002plus_2.arc,GameData\script_personal_om002plus_2.arc,100184,944E4D26,23001
share,../com3d2data\GameData\ja_script\script_personal_om003_2.arc,GameData\script_personal_om003_2.arc,104325,EB3C26B6,23001
share,../com3d2data\GameData\patch\bg_sp004_2.arc,GameData\bg_sp004_2.arc,38493628,E4DDBCD1,23001
share,../com3d2data\GameData\patch\csv.arc,GameData\csv.arc,32578110,BE8F8759,23001
share,../com3d2data\GameData\patch\csv_karaoke011_2.arc,GameData\csv_karaoke011_2.arc,3730,E58279DA,23001
share,../com3d2data\GameData\patch\csv_karaoke011add_2.arc,GameData\csv_karaoke011add_2.arc,3746,BCE9C869,23001
share,../com3d2data\GameData\patch\csv_karaoke011add_ver13_2.arc,GameData\csv_karaoke011add_ver13_2.arc,3746,7B86FB38,23001
share,../com3d2data\GameData\patch\csv_karaoke011add_ver14_2.arc,GameData\csv_karaoke011add_ver14_2.arc,3746,BCE0A31D,23001
share,../com3d2data\GameData\patch\csv_karaoke011add_ver19_2.arc,GameData\csv_karaoke011add_ver19_2.arc,3746,6509C8A5,23001
share,../com3d2data\GameData\patch\csv_karaoke012dgp_2.arc,GameData\csv_karaoke012dgp_2.arc,3746,928D4947,23001
share,../com3d2data\GameData\patch\csv_karaoke012dgp_solo_2.arc,GameData\csv_karaoke012dgp_solo_2.arc,3762,7196736E,23001
share,../com3d2data\GameData\patch\parts_dlc301_2.arc,GameData\parts_dlc301_2.arc,2785882,71FBA5C0,23001
share,../com3d2data\GameData\patch\parts_dlc304_2.arc,GameData\parts_dlc304_2.arc,2572590,DDA58849,23001
share,../com3d2data\GameData\patch\parts_dlc324_2.arc,GameData\parts_dlc324_2.arc,148546,6886180D,23001
share,../com3d2data\GameData\patch\parts_dlc334_2.arc,GameData\parts_dlc334_2.arc,97412,3F847622,23001
share,../com3d2data\GameData\patch\parts_dlc345_2.arc,GameData\parts_dlc345_2.arc,308061,6967EC9F,23001
share,../com3d2data\GameData\patch\parts_dlc487_2.arc,GameData\parts_dlc487_2.arc,3634,9EB4F074,23001
share,../com3d2data\GameData\patch\parts_x001plus_2.arc,GameData\parts_x001plus_2.arc,477642,B39D558F,23001
share,../com3d2data\GameData\patch\paths.dat,GameData\paths.dat,16828,ABC91860,23001
share,../com3d2data\GameData\patch\prioritymaterial.arc,GameData\prioritymaterial.arc,770293,E7866765,23001
share,../com3d2data\GameData_20\menu_dlc487_2.arc,GameData_20\menu_dlc487_2.arc,3202,E04AF4BF,1711
share,../com3d2data\GameData_20\model_dlc301_2.arc,GameData_20\model_dlc301_2.arc,2770802,FC56BD36,1711
share,../com3d2data\GameData_20\model_dlc304_2.arc,GameData_20\model_dlc304_2.arc,2557508,A0A84D30,1711
share,../com3d2data\GameData_20\model_dlc334_2.arc,GameData_20\model_dlc334_2.arc,95277,59FC66FC,1711
share,../com3d2data\GameData_20\model_dlc345_2.arc,GameData_20\model_dlc345_2.arc,305826,0FD82634,1711
share,../com3d2data\GameData_20\model_x001plus_2.arc,GameData_20\model_x001plus_2.arc,475922,3208B986,1711
share,../com3d2data\GameData_20\paths.dat,GameData_20\paths.dat,14322,CDA08951,1781
share,../com3d2data\GameData_20\prioritymaterial.arc,GameData_20\prioritymaterial.arc,413878,A134DA66,1779
