0,0,CustomStudio.exe,653824,AC701A69,8
0,0,UnityCrashHandler64.exe,1250904,0FCBC190,8
0,0,UnityPlayer.dll,28082264,74EAD184,8
0,0,CustomStudio_Data\app.info,17,4BA175BE,8
0,0,CustomStudio_Data\boot.config,120,06C687D2,8
0,0,CustomStudio_Data\globalgamemanagers,472636,62026B34,8
0,0,CustomStudio_Data\globalgamemanagers.assets,484000,05083E69,8
0,0,CustomStudio_Data\level0,72536,2508B600,8
0,0,CustomStudio_Data\resources.assets,6030976,CF2244DD,8
0,0,CustomStudio_Data\resources.assets.resS,8786916,BA198106,8
0,0,CustomStudio_Data\RuntimeInitializeOnLoads.json,1745,AB6DD71B,8
0,0,CustomStudio_Data\ScriptingAssemblies.json,4878,E8637067,8
0,0,CustomStudio_Data\sharedassets0.assets,27734476,ABFE8A85,8
0,0,CustomStudio_Data\sharedassets0.assets.resS,68763120,31D5870E,8
0,0,CustomStudio_Data\Managed\Accessibility.dll,12288,A6B03066,8
0,0,CustomStudio_Data\Managed\AltMouseInput.dll,3584,84B5856F,8
0,0,CustomStudio_Data\Managed\Assembly-CSharp-firstpass.dll,598528,C65246C8,8
0,0,CustomStudio_Data\Managed\Assembly-CSharp.dll,3058176,2D803072,8
0,0,CustomStudio_Data\Managed\Battlehub.RTEditor.Demo.dll,83456,D1D059DE,8
0,0,CustomStudio_Data\Managed\Battlehub.RTEditor.dll,1477120,D380C60D,8
0,0,CustomStudio_Data\Managed\Battlehub.RTExtensions.dll,433664,2D7AEF94,8
0,0,CustomStudio_Data\Managed\Battlehub.RTScripting.dll,28160,4AA102EE,8
0,0,CustomStudio_Data\Managed\CodeAnalysis.dll,7680,A2ED5455,8
0,0,CustomStudio_Data\Managed\EditorPlugin.Define.dll,4096,4637D6D4,8
0,0,CustomStudio_Data\Managed\HSVPicker.dll,22528,E523CD2A,8
0,0,CustomStudio_Data\Managed\ICSharpCode.SharpZipLib.dll,198656,6F92C479,8
0,0,CustomStudio_Data\Managed\MessagePack.Annotations.dll,5632,6E317EFD,8
0,0,CustomStudio_Data\Managed\MessagePack.dll,302080,A5251D87,8
0,0,CustomStudio_Data\Managed\Microsoft.CodeAnalysis.CSharp.dll,5218168,E61B3CF0,8
0,0,CustomStudio_Data\Managed\Microsoft.CodeAnalysis.dll,2496376,39A5F4C7,8
0,0,CustomStudio_Data\Managed\Misc.dll,4096,209FC984,8
0,0,CustomStudio_Data\Managed\Mono.Data.Sqlite.dll,166912,458B648F,8
0,0,CustomStudio_Data\Managed\Mono.Posix.dll,212480,1D5703BE,8
0,0,CustomStudio_Data\Managed\Mono.Security.dll,309248,30F85061,8
0,0,CustomStudio_Data\Managed\Mono.WebBrowser.dll,166912,F0EAE869,8
0,0,CustomStudio_Data\Managed\mscorlib.dll,4073472,37AEAF3F,8
0,0,CustomStudio_Data\Managed\NavMeshComponents.dll,16384,08FF7E7E,8
0,0,CustomStudio_Data\Managed\netstandard.dll,84992,35758195,8
0,0,CustomStudio_Data\Managed\Newtonsoft.Json.dll,683008,7BC4AF9F,8
0,0,CustomStudio_Data\Managed\Novell.Directory.Ldap.dll,247296,5C9D4D42,8
0,0,CustomStudio_Data\Managed\protobuf-net.dll,192512,2F6A20E0,8
0,0,CustomStudio_Data\Managed\Purchasing.Common.dll,12288,3BE61139,8
0,0,CustomStudio_Data\Managed\RTSLTypeModel_StandaloneWindows64.dll,513536,7A1F46FF,8
0,0,CustomStudio_Data\Managed\System.Buffers.dll,27992,1A7783D0,8
0,0,CustomStudio_Data\Managed\System.Collections.dll,5120,65D558A1,8
0,0,CustomStudio_Data\Managed\System.Collections.Immutable.dll,302216,8CA32412,8
0,0,CustomStudio_Data\Managed\System.ComponentModel.Composition.dll,256512,5D852BAE,8
0,0,CustomStudio_Data\Managed\System.ComponentModel.DataAnnotations.dll,84480,E0D3B897,8
0,0,CustomStudio_Data\Managed\System.Composition.AttributedModel.dll,24840,719AD0D2,8
0,0,CustomStudio_Data\Managed\System.Composition.Convention.dll,59128,4C50B45B,8
0,0,CustomStudio_Data\Managed\System.Composition.Hosting.dll,62184,A86168BD,8
0,0,CustomStudio_Data\Managed\System.Composition.Runtime.dll,29928,D1E5D47F,8
0,0,CustomStudio_Data\Managed\System.Composition.TypedParts.dll,64760,46C4D49D,8
0,0,CustomStudio_Data\Managed\System.Configuration.dll,124928,0449A8B7,8
0,0,CustomStudio_Data\Managed\System.Core.dll,1046016,67F5E02D,8
0,0,CustomStudio_Data\Managed\System.Data.dll,2081280,566B7ECE,8
0,0,CustomStudio_Data\Managed\System.Design.dll,282112,D95394F5,8
0,0,CustomStudio_Data\Managed\System.Diagnostics.Debug.dll,4608,871D8159,8
0,0,CustomStudio_Data\Managed\System.Diagnostics.StackTrace.dll,6656,FA544B72,8
0,0,CustomStudio_Data\Managed\System.Diagnostics.Tools.dll,4608,9F70C341,8
0,0,CustomStudio_Data\Managed\System.DirectoryServices.dll,93184,C1BF919F,8
0,0,CustomStudio_Data\Managed\System.dll,2750976,11234162,8
0,0,CustomStudio_Data\Managed\System.Drawing.Design.dll,29696,DBDC539C,8
0,0,CustomStudio_Data\Managed\System.Drawing.dll,603696,D0553FB3,8
0,0,CustomStudio_Data\Managed\System.EnterpriseServices.dll,44544,ECCB9906,8
0,0,CustomStudio_Data\Managed\System.Globalization.dll,5120,A5492DED,8
0,0,CustomStudio_Data\Managed\System.Globalization.Extensions.dll,6144,7AED6150,8
0,0,CustomStudio_Data\Managed\System.IO.Compression.dll,98816,63D2D9A4,8
0,0,CustomStudio_Data\Managed\System.IO.Compression.FileSystem.dll,23040,02497CE9,8
0,0,CustomStudio_Data\Managed\System.IO.dll,4608,A831C0B6,8
0,0,CustomStudio_Data\Managed\System.Linq.dll,4096,07C841AE,8
0,0,CustomStudio_Data\Managed\System.Linq.Expressions.dll,458104,E474499A,8
0,0,CustomStudio_Data\Managed\System.Memory.dll,148760,AA9535EF,8
0,0,CustomStudio_Data\Managed\System.Net.Http.dll,114688,9F4B8642,8
0,0,CustomStudio_Data\Managed\System.Numerics.dll,114176,BAB24A8A,8
0,0,CustomStudio_Data\Managed\System.Numerics.Vectors.dll,163712,02C7D17E,8
0,0,CustomStudio_Data\Managed\System.ObjectModel.dll,5120,A8AC0275,8
0,0,CustomStudio_Data\Managed\System.Reflection.dll,5632,1363461E,8
0,0,CustomStudio_Data\Managed\System.Reflection.Emit.dll,4608,85D749B8,8
0,0,CustomStudio_Data\Managed\System.Reflection.Emit.ILGeneration.dll,4608,97E5DD83,8
0,0,CustomStudio_Data\Managed\System.Reflection.Emit.Lightweight.dll,4608,101CC297,8
0,0,CustomStudio_Data\Managed\System.Reflection.Extensions.dll,4608,70D753DE,8
0,0,CustomStudio_Data\Managed\System.Reflection.Metadata.dll,576144,889D309A,8
0,0,CustomStudio_Data\Managed\System.Reflection.Primitives.dll,5120,1B2FE84C,8
0,0,CustomStudio_Data\Managed\System.Reflection.TypeExtensions.dll,29600,3F51A22C,8
0,0,CustomStudio_Data\Managed\System.Resources.ResourceManager.dll,4608,D22BF30D,8
0,0,CustomStudio_Data\Managed\System.Runtime.CompilerServices.Unsafe.dll,23600,F3CFB256,8
0,0,CustomStudio_Data\Managed\System.Runtime.dll,12800,5380EB8D,8
0,0,CustomStudio_Data\Managed\System.Runtime.Extensions.dll,5120,9D0B56D9,8
0,0,CustomStudio_Data\Managed\System.Runtime.Serialization.dll,928256,105FE45D,8
0,0,CustomStudio_Data\Managed\System.Runtime.Serialization.Formatters.Soap.dll,38400,CEA6CB8D,8
0,0,CustomStudio_Data\Managed\System.Runtime.Serialization.Xml.dll,7168,CDCB2181,8
0,0,CustomStudio_Data\Managed\System.Security.dll,184320,6A1F6F68,8
0,0,CustomStudio_Data\Managed\System.ServiceModel.Internals.dll,214528,B7CE6DDF,8
0,0,CustomStudio_Data\Managed\System.Text.Encoding.CodePages.dll,759024,EC8E4C5D,8
0,0,CustomStudio_Data\Managed\System.Threading.dll,5632,CD0282FE,8
0,0,CustomStudio_Data\Managed\System.Threading.Tasks.Extensions.dll,33048,3B626F92,8
0,0,CustomStudio_Data\Managed\System.Transactions.dll,34304,B7F89CBC,8
0,0,CustomStudio_Data\Managed\System.Web.ApplicationServices.dll,33792,DC4D2127,8
0,0,CustomStudio_Data\Managed\System.Web.dll,3154944,CBB3E871,8
0,0,CustomStudio_Data\Managed\System.Web.Services.dll,727040,5061A4B8,8
0,0,CustomStudio_Data\Managed\System.Windows.Forms.dll,2896384,7EB1358B,8
0,0,CustomStudio_Data\Managed\System.Xml.dll,3137536,B565C00D,8
0,0,CustomStudio_Data\Managed\System.Xml.Linq.dll,119296,73DE91C3,8
0,0,CustomStudio_Data\Managed\System.Xml.XPath.XDocument.dll,5120,D922626E,8
0,0,CustomStudio_Data\Managed\UniRx.dll,422912,03C1E0D4,8
0,0,CustomStudio_Data\Managed\UniTask.Addressables.dll,9728,DE692B20,8
0,0,CustomStudio_Data\Managed\UniTask.dll,503296,33F4EFE1,8
0,0,CustomStudio_Data\Managed\UniTask.DOTween.dll,3072,7FC4CFAE,8
0,0,CustomStudio_Data\Managed\UniTask.Linq.dll,674816,B52B7A2D,8
0,0,CustomStudio_Data\Managed\UniTask.TextMeshPro.dll,11776,B5DD7B21,8
0,0,CustomStudio_Data\Managed\Unity.Addressables.dll,84992,B2709C49,8
0,0,CustomStudio_Data\Managed\Unity.Analytics.DataPrivacy.dll,7680,82AB4E9A,8
0,0,CustomStudio_Data\Managed\Unity.Burst.dll,163328,7B6FDE33,8
0,0,CustomStudio_Data\Managed\Unity.Burst.Unsafe.dll,5632,D504B969,8
0,0,CustomStudio_Data\Managed\Unity.Collections.dll,384512,4C978FD5,8
0,0,CustomStudio_Data\Managed\Unity.Collections.LowLevel.ILSupport.dll,4096,0C2DE885,8
0,0,CustomStudio_Data\Managed\Unity.Jobs.dll,9728,400A9A94,8
0,0,CustomStudio_Data\Managed\Unity.Mathematics.dll,723968,6F62C656,8
0,0,CustomStudio_Data\Managed\Unity.Postprocessing.Runtime.dll,148992,48DCED68,8
0,0,CustomStudio_Data\Managed\Unity.ProBuilder.dll,356864,88AAD2CB,8
0,0,CustomStudio_Data\Managed\Unity.ProBuilder.KdTree.dll,18432,01FAA047,8
0,0,CustomStudio_Data\Managed\Unity.ProBuilder.Poly2Tri.dll,34816,70A8BB39,8
0,0,CustomStudio_Data\Managed\Unity.ProBuilder.Stl.dll,12800,680917FC,8
0,0,CustomStudio_Data\Managed\Unity.ResourceManager.dll,95232,45163F14,8
0,0,CustomStudio_Data\Managed\Unity.ScriptableBuildPipeline.dll,7168,CB43F08F,8
0,0,CustomStudio_Data\Managed\Unity.TextMeshPro.dll,370176,DE205F2B,8
0,0,CustomStudio_Data\Managed\Unity.Timeline.dll,111616,C21B3565,8
0,0,CustomStudio_Data\Managed\UnityEngine.AccessibilityModule.dll,12800,A222F76F,8
0,0,CustomStudio_Data\Managed\UnityEngine.Advertisements.dll,34816,A32F8927,8
0,0,CustomStudio_Data\Managed\UnityEngine.AIModule.dll,45568,B9F5F794,8
0,0,CustomStudio_Data\Managed\UnityEngine.AndroidJNIModule.dll,68096,243E19A2,8
0,0,CustomStudio_Data\Managed\UnityEngine.AnimationModule.dll,150016,E0C820E6,8
0,0,CustomStudio_Data\Managed\UnityEngine.ARModule.dll,10240,70D0467A,8
0,0,CustomStudio_Data\Managed\UnityEngine.AssetBundleModule.dll,22016,F8647B63,8
0,0,CustomStudio_Data\Managed\UnityEngine.AudioModule.dll,58368,0B0AD3BE,8
0,0,CustomStudio_Data\Managed\UnityEngine.ClothModule.dll,15360,FC525FEB,8
0,0,CustomStudio_Data\Managed\UnityEngine.ClusterInputModule.dll,10752,DFA6AE3D,8
0,0,CustomStudio_Data\Managed\UnityEngine.ClusterRendererModule.dll,11264,C9256EDB,8
0,0,CustomStudio_Data\Managed\UnityEngine.CoreModule.dll,1145344,504D8451,8
0,0,CustomStudio_Data\Managed\UnityEngine.CrashReportingModule.dll,10240,AF1159CB,8
0,0,CustomStudio_Data\Managed\UnityEngine.DirectorModule.dll,13824,B8AE68C6,8
0,0,CustomStudio_Data\Managed\UnityEngine.dll,92160,61D2C9CD,8
0,0,CustomStudio_Data\Managed\UnityEngine.DSPGraphModule.dll,18432,40D3F207,8
0,0,CustomStudio_Data\Managed\UnityEngine.GameCenterModule.dll,28160,E8D586CB,8
0,0,CustomStudio_Data\Managed\UnityEngine.GIModule.dll,9216,72658AE7,8
0,0,CustomStudio_Data\Managed\UnityEngine.GridModule.dll,14336,AF6F908A,8
0,0,CustomStudio_Data\Managed\UnityEngine.HotReloadModule.dll,9216,CEECC71E,8
0,0,CustomStudio_Data\Managed\UnityEngine.ImageConversionModule.dll,13312,C5329425,8
0,0,CustomStudio_Data\Managed\UnityEngine.IMGUIModule.dll,159744,C6E20D81,8
0,0,CustomStudio_Data\Managed\UnityEngine.InputLegacyModule.dll,26112,331D210F,8
0,0,CustomStudio_Data\Managed\UnityEngine.InputModule.dll,12800,686DA0DE,8
0,0,CustomStudio_Data\Managed\UnityEngine.JSONSerializeModule.dll,11264,8FD2DA14,8
0,0,CustomStudio_Data\Managed\UnityEngine.LocalizationModule.dll,10240,E9B77775,8
0,0,CustomStudio_Data\Managed\UnityEngine.Monetization.dll,28672,F2B31195,8
0,0,CustomStudio_Data\Managed\UnityEngine.ParticleSystemModule.dll,142336,2E9E655E,8
0,0,CustomStudio_Data\Managed\UnityEngine.PerformanceReportingModule.dll,9728,FD243BD5,8
0,0,CustomStudio_Data\Managed\UnityEngine.Physics2DModule.dll,107008,F87CA7DB,8
0,0,CustomStudio_Data\Managed\UnityEngine.PhysicsModule.dll,96768,6A7ECD7F,8
0,0,CustomStudio_Data\Managed\UnityEngine.ProfilerModule.dll,9216,74423B29,8
0,0,CustomStudio_Data\Managed\UnityEngine.Purchasing.AppleCore.dll,4608,D1B27DB4,8
0,0,CustomStudio_Data\Managed\UnityEngine.Purchasing.AppleMacosStub.dll,4608,9563F528,8
0,0,CustomStudio_Data\Managed\UnityEngine.Purchasing.AppleStub.dll,4608,9F87F132,8
0,0,CustomStudio_Data\Managed\UnityEngine.Purchasing.Codeless.dll,13312,313E67B2,8
0,0,CustomStudio_Data\Managed\UnityEngine.Purchasing.dll,28160,AAFE3542,8
0,0,CustomStudio_Data\Managed\UnityEngine.Purchasing.SecurityCore.dll,7168,F406AD6D,8
0,0,CustomStudio_Data\Managed\UnityEngine.Purchasing.SecurityStub.dll,5632,43BFCB32,8
0,0,CustomStudio_Data\Managed\UnityEngine.Purchasing.Stores.dll,162816,A5466B1B,8
0,0,CustomStudio_Data\Managed\UnityEngine.Purchasing.WinRTCore.dll,6144,5CF49AD9,8
0,0,CustomStudio_Data\Managed\UnityEngine.Purchasing.WinRTStub.dll,3584,D5982644,8
0,0,CustomStudio_Data\Managed\UnityEngine.RuntimeInitializeOnLoadManagerInitializerModule.dll,9216,33A7F754,8
0,0,CustomStudio_Data\Managed\UnityEngine.ScreenCaptureModule.dll,10240,8EBDFAF8,8
0,0,CustomStudio_Data\Managed\UnityEngine.SharedInternalsModule.dll,21504,51DB266B,8
0,0,CustomStudio_Data\Managed\UnityEngine.SpatialTracking.dll,10240,BB88E4CC,8
0,0,CustomStudio_Data\Managed\UnityEngine.SpriteMaskModule.dll,10752,4585DE6A,8
0,0,CustomStudio_Data\Managed\UnityEngine.SpriteShapeModule.dll,14336,FF70FEBE,8
0,0,CustomStudio_Data\Managed\UnityEngine.StreamingModule.dll,10240,1DEE59C9,8
0,0,CustomStudio_Data\Managed\UnityEngine.SubstanceModule.dll,13824,EDEB3A2D,8
0,0,CustomStudio_Data\Managed\UnityEngine.SubsystemsModule.dll,24064,FEE38254,8
0,0,CustomStudio_Data\Managed\UnityEngine.TerrainModule.dll,81920,A8161FC7,8
0,0,CustomStudio_Data\Managed\UnityEngine.TerrainPhysicsModule.dll,10240,AB0AACBF,8
0,0,CustomStudio_Data\Managed\UnityEngine.TextCoreModule.dll,186880,EA9A6495,8
0,0,CustomStudio_Data\Managed\UnityEngine.TextRenderingModule.dll,28160,B8C72BE8,8
0,0,CustomStudio_Data\Managed\UnityEngine.TilemapModule.dll,26624,7E757545,8
0,0,CustomStudio_Data\Managed\UnityEngine.TLSModule.dll,9216,297E6E09,8
0,0,CustomStudio_Data\Managed\UnityEngine.UI.dll,230400,F3411EC8,8
0,0,CustomStudio_Data\Managed\UnityEngine.UIElementsModule.dll,798208,D92821C7,8
0,0,CustomStudio_Data\Managed\UnityEngine.UIElementsNativeModule.dll,47616,26D4466B,8
0,0,CustomStudio_Data\Managed\UnityEngine.UIModule.dll,24064,29AE2575,8
0,0,CustomStudio_Data\Managed\UnityEngine.UmbraModule.dll,9216,379BDFC4,8
0,0,CustomStudio_Data\Managed\UnityEngine.UNETModule.dll,78848,24E39D70,8
0,0,CustomStudio_Data\Managed\UnityEngine.UnityAnalyticsModule.dll,33792,E200293E,8
0,0,CustomStudio_Data\Managed\UnityEngine.UnityConnectModule.dll,11264,08B6CD98,8
0,0,CustomStudio_Data\Managed\UnityEngine.UnityCurlModule.dll,10752,E9EB93D9,8
0,0,CustomStudio_Data\Managed\UnityEngine.UnityTestProtocolModule.dll,9216,E4D8CD99,8
0,0,CustomStudio_Data\Managed\UnityEngine.UnityWebRequestAssetBundleModule.dll,12288,9E5AA292,8
0,0,CustomStudio_Data\Managed\UnityEngine.UnityWebRequestAudioModule.dll,11776,AAE9C06E,8
0,0,CustomStudio_Data\Managed\UnityEngine.UnityWebRequestModule.dll,44032,5268D27E,8
0,0,CustomStudio_Data\Managed\UnityEngine.UnityWebRequestTextureModule.dll,11264,3EA8A51E,8
0,0,CustomStudio_Data\Managed\UnityEngine.UnityWebRequestWWWModule.dll,20480,9640E93D,8
0,0,CustomStudio_Data\Managed\UnityEngine.VehiclesModule.dll,13312,FECB23BE,8
0,0,CustomStudio_Data\Managed\UnityEngine.VFXModule.dll,39936,929FD0DA,8
0,0,CustomStudio_Data\Managed\UnityEngine.VideoModule.dll,29696,6DDD8F13,8
0,0,CustomStudio_Data\Managed\UnityEngine.VirtualTexturingModule.dll,23552,A5C3B5F5,8
0,0,CustomStudio_Data\Managed\UnityEngine.VRModule.dll,15360,ADBB6879,8
0,0,CustomStudio_Data\Managed\UnityEngine.WindModule.dll,10240,C738B8CB,8
0,0,CustomStudio_Data\Managed\UnityEngine.XR.LegacyInputHelpers.dll,20992,B746CE98,8
0,0,CustomStudio_Data\Managed\UnityEngine.XRModule.dll,55808,7B99F4D6,8
0,0,CustomStudio_Data\Plugins\x86_64\assimp.dll,6155776,F36470E5,8
0,0,CustomStudio_Data\Plugins\x86_64\clothpp.dll,112128,7C3264A4,8
0,0,CustomStudio_Data\Plugins\x86_64\concrt140.dll,334640,999748B4,8
0,0,CustomStudio_Data\Plugins\x86_64\crc.dll,1925120,7452FE3C,8
0,0,CustomStudio_Data\Plugins\x86_64\device_hook.dll,733696,16904EAF,8
0,0,CustomStudio_Data\Plugins\x86_64\device_hook_com.dll,738816,F61E7CED,8
0,0,CustomStudio_Data\Plugins\x86_64\lib_burst_generated.dll,289792,AEE7A69C,8
0,0,CustomStudio_Data\Plugins\x86_64\lib_burst_generated.txt,120582,83A25B8A,8
0,0,CustomStudio_Data\Plugins\x86_64\msvcp140.dll,675112,CDCCC76D,8
0,0,CustomStudio_Data\Plugins\x86_64\msvcp140_1.dll,32048,C9B73877,8
0,0,CustomStudio_Data\Plugins\x86_64\msvcp140_2.dll,195888,3D59C7B7,8
0,0,CustomStudio_Data\Plugins\x86_64\stb_image.dll,343552,9A384110,8
0,0,CustomStudio_Data\Plugins\x86_64\vccorlib140.dll,367416,B88D5E85,8
0,0,CustomStudio_Data\Plugins\x86_64\vcruntime140.dll,87864,8DEC7511,8
0,0,CustomStudio_Data\Resources\unity default resources,4844752,017F6DC6,8
0,0,CustomStudio_Data\Resources\unity_builtin_extra,360684,D8AF7FF8,8
0,0,CustomStudio_Data\StreamingAssets\bundledemo,1852855,C071F1E6,8
0,0,CustomStudio_Data\StreamingAssets\bundledemo.manifest,1637,CFA0219F,8
0,0,CustomStudio_Data\StreamingAssets\StreamingAssets,1017,D096ECD1,8
0,0,CustomStudio_Data\StreamingAssets\StreamingAssets.manifest,144,A033B43A,8
0,0,CustomStudio_Data\StreamingAssets\aa\catalog.json,885,951910E7,8
0,0,CustomStudio_Data\StreamingAssets\aa\settings.json,860,2C318CC1,8
0,0,CustomStudio_Data\StreamingAssets\aa\AddressablesLink\link.xml,572,8602114D,8
0,0,GameData\default_skirt.psk,163,10684B0E,1
0,0,GameData\EmpireClub_Rotary_Prein.csobj,40402953,451988C3,1
0,0,GameData\helplink.hlst,1263,188F84BB,3
0,0,GameData\objlist.olst,16201,3A4E8967,1
0,0,MonoBleedingEdge\EmbedRuntime\mono-2.0-bdwgc.dll,4975704,E845D7DF,8
0,0,MonoBleedingEdge\EmbedRuntime\MonoPosixHelper.dll,780288,E6E0AAE6,8
0,0,MonoBleedingEdge\etc\mono\browscap.ini,311984,CE6C0AB3,8
0,0,MonoBleedingEdge\etc\mono\config,3276,B5C7D62E,8
0,0,MonoBleedingEdge\etc\mono\2.0\DefaultWsdlHelpGenerator.aspx,60575,95F9D0B4,8
0,0,MonoBleedingEdge\etc\mono\2.0\machine.config,29116,95068D9C,8
0,0,MonoBleedingEdge\etc\mono\2.0\settings.map,2622,AD5340F9,8
0,0,MonoBleedingEdge\etc\mono\2.0\web.config,11686,534A9960,8
0,0,MonoBleedingEdge\etc\mono\2.0\Browsers\Compat.browser,1605,2E178A0B,8
0,0,MonoBleedingEdge\etc\mono\4.0\DefaultWsdlHelpGenerator.aspx,60575,95F9D0B4,8
0,0,MonoBleedingEdge\etc\mono\4.0\machine.config,33648,C2F58754,8
0,0,MonoBleedingEdge\etc\mono\4.0\settings.map,2622,DC24A240,8
0,0,MonoBleedingEdge\etc\mono\4.0\web.config,18848,46DCAC4D,8
0,0,MonoBleedingEdge\etc\mono\4.0\Browsers\Compat.browser,1605,2E178A0B,8
0,0,MonoBleedingEdge\etc\mono\4.5\DefaultWsdlHelpGenerator.aspx,60575,95F9D0B4,8
0,0,MonoBleedingEdge\etc\mono\4.5\machine.config,34106,E7E2F2D3,8
0,0,MonoBleedingEdge\etc\mono\4.5\settings.map,2622,DC24A240,8
0,0,MonoBleedingEdge\etc\mono\4.5\web.config,18857,C3DF527D,8
0,0,MonoBleedingEdge\etc\mono\4.5\Browsers\Compat.browser,1605,2E178A0B,8
0,0,MonoBleedingEdge\etc\mono\mconfig\config.xml,25817,80B2033A,8
